Unloading SNPSLIC/base <aL>
  Unloading dependent: FC/V-2023.12-SP3
Info: [VCS_SAVE_RESTORE_INFO] ASLR (Address Space Layout Randomization) is detected on the machine. To enable $save functionality, ASLR will be switched off and simv re-executed.
Please use '-no_save' simv switch to avoid re-execution or '-suppress=ASLR_DETECTED_INFO' to suppress this message.
Chronologic VCS simulator copyright 1991-2025
Contains Synopsys proprietary information.
Compiler version X-2025.06-1_Full64; Runtime version X-2025.06-1_Full64;  Jan 19 20:20 2026
Annotating SDF file "switch_4port.sdf" ... Done
Annotating SDF file "switch_4port.sdf" ... Done
*Verdi* Loading libsscore_vcs202506.so
FSDB Dumper for VCS, Release Verdi_X-2025.06-1, Linux x86_64/64bit, 07/19/2025
(C) 1996 - 2025 by Synopsys, Inc.
*Verdi* FSDB WARNING: The FSDB file already exists. Overwriting the FSDB file may crash the programs that are using this file.
*Verdi* : Create FSDB file 'novas.fsdb'
*Verdi* : Begin traversing the scopes, layer (0).
*Verdi* : End of traversing.
[0] [SDF] Starting SDF Back-Annotation...
      4890
GATE-LEVEL REGRESSION SUITE (With SDF Back-Annotation)
      4880
*Verdi* : Begin traversing the scope (switch_test), layer (0).
*Verdi* : End of traversing.
TEST 1: SANITY
[2715000] [vc1.agt.drv] Driver finished: 25 sent.
[2795000] [vc0.agt.drv] Driver finished: 25 sent.
[3005000] [vc2.agt.drv] Driver finished: 25 sent.
[3035000] [vc3.agt.drv] Driver finished: 25 sent.
[13035000] [DRAIN] TEST 1 Complete.

TEST 2: RANDOM BACKPRESSURE
[60115000] [vc2.agt.drv] Driver finished: 500 sent.
[60525000] [vc3.agt.drv] Driver finished: 500 sent.
[61075000] [vc0.agt.drv] Driver finished: 500 sent.
[61875000] [vc1.agt.drv] Driver finished: 500 sent.
[61875000] [DRAIN] TEST 2 Complete.

TEST 3: SATURATION
[84405000] [vc2.agt.drv] Driver finished: 750 sent.
[84695000] [vc1.agt.drv] Driver finished: 750 sent.
[84735000] [vc3.agt.drv] Driver finished: 750 sent.
[84917000] [vc0.agt.drv] Driver finished: 750 sent.
[84917000] [DRAIN] TEST 3 Complete.

      4890
CHECKER VERIFICATION REPORT
      4880
  Unique Packets Sent:      5100
  Output Packets Expected:  7401
  Correctly Matched:        7401
  Routing Errors:           0
  Dropped/Missing:          0
      3600
  ★ OUTPUT SUCCESS RATE:    100.00%
VERIFICATION STATUS: ★★★ PASSED ★★★
      4890

COVERAGE REPORT: Total 100.00%
$finish called from file "switch_test.sv", line 160.
$finish at simulation time            134915000
           V C S   S i m u l a t i o n   R e p o r t 
Time: 134915000 ps
CPU Time:      2.530 seconds;       Data structure size:   3.4Mb
Mon Jan 19 20:20:22 2026
